*
**
***
****
*****
******
*******
********
*********
**********
***********
************
*************
**************
***************
****************
*****************
******************
*******************
********************
*********************
**********************
***********************
************************
*************************
**************************
***************************
****************************
*****************************
******************************
*******************************
********************************
*********************************
**********************************
***********************************
************************************
*************************************
**************************************
***************************************
****************************************
*****************************************
******************************************
*******************************************
********************************************
*********************************************
**********************************************
***********************************************
************************************************
*************************************************
**************************************************
***************************************************
****************************************************
*****************************************************
