*
**
***
****
*****
******
*******
********
*********
**********
***********
************
*************
**************
***************
****************
*****************
******************
*******************
********************
*********************
**********************
***********************
************************
*************************
**************************
***************************
****************************
*****************************
******************************
*******************************
********************************
*********************************
**********************************
***********************************
************************************
*************************************
**************************************
***************************************
****************************************
*****************************************
******************************************
*******************************************
********************************************
*********************************************
**********************************************
***********************************************
************************************************
*************************************************
**************************************************
***************************************************
****************************************************
*****************************************************
******************************************************
*******************************************************
********************************************************
*********************************************************
**********************************************************
***********************************************************
************************************************************
*************************************************************
**************************************************************
***************************************************************
****************************************************************
*****************************************************************
******************************************************************
*******************************************************************
********************************************************************
*********************************************************************
**********************************************************************
***********************************************************************
************************************************************************
*************************************************************************
**************************************************************************
***************************************************************************
****************************************************************************
*****************************************************************************
******************************************************************************
*******************************************************************************
********************************************************************************
*********************************************************************************
**********************************************************************************
