44 16 52 87 84 66 83 99 27 55 0 8 9 40 
90 46 70 88 97 41 10 62 100 38 77 53 98 24 
2 49 65 66 59 53 36 59 28 75 67 34 88 49 
64 48 17 67 22 33 100 79 95 77 0 39 98 44 
14 65 71 51 72 35 50 81 94 1 36 91 72 57 
82 15 62 53 24 1 87 10 62 82 81 84 59 21 
54 94 15 56 75 21 70 49 18 10 67 66 100 61 
100 24 15 29 77 89 84 84 39 16 41 70 37 5 
24 24 84 68 30 74 24 79 36 61 7 15 39 75 
13 16 81 62 18 59 2 25 94 52 32 17 21 21 
32 3 24 43 60 40 31 64 58 21 59 88 59 42 
64 97 43 98 84 99 40 32 24 65 58 97 33 34 
33 45 16 39 55 50 75 96 21 81 88 62 25 71 
98 100 86 59 42 9 16 87 97 33 9 40 87 34 

24 97 47 80 67 5 95 8 11 15 84 84 47 63 
79 89 41 10 82 19 93 24 36 52 45 29 48 13 
61 81 41 42 69 49 23 84 24 68 21 59 51 7 
54 37 55 1 22 68 80 9 35 52 46 10 56 41 
32 89 64 77 78 97 25 22 35 56 35 67 45 51 
33 97 47 76 58 88 32 100 75 22 44 71 53 50 
74 19 72 25 33 48 2 36 52 10 53 45 48 23 
21 86 28 31 91 32 13 1 24 49 36 33 2 0 
35 71 79 90 80 39 78 94 20 50 97 63 3 59 
67 73 6 78 40 86 83 4 12 75 32 30 66 78 
95 69 57 85 87 83 32 78 33 66 60 54 53 94 
64 76 65 92 27 24 95 58 7 75 32 94 24 34 
79 80 23 39 87 38 75 81 71 64 50 8 93 100 
87 67 78 31 73 15 56 79 14 32 25 100 6 5 

87 65 47 7 72 26 99 54 8 53 42 40 58 88 
91 24 28 17 51 29 3 96 61 30 80 72 13 72 
9 83 22 37 4 10 29 9 35 17 76 43 97 18 
34 40 0 79 17 3 35 68 62 68 5 57 15 33 
27 84 17 26 96 81 74 19 65 94 23 66 58 79 
49 88 42 40 73 2 58 93 15 50 1 56 32 65 
41 38 56 60 28 4 87 69 98 21 57 92 98 84 
67 61 87 14 63 22 33 4 48 54 73 55 98 50 
21 94 83 80 28 94 94 4 22 40 42 55 65 47 
78 12 65 32 33 24 39 95 35 36 35 83 68 4 
35 26 15 48 18 7 7 15 24 64 72 87 68 85 
77 56 96 34 55 14 29 48 43 20 35 57 78 13 
77 54 90 57 52 60 86 15 17 29 44 76 79 0 
99 90 11 67 47 83 65 81 28 11 50 18 86 71 

