18 71 59 4 37 35 54 94 72 74 62 36 61 77 
53 88 87 51 75 11 12 93 2 14 7 39 44 69 
82 4 4 27 22 50 99 95 32 98 73 22 62 9 
47 21 39 93 47 15 5 43 73 58 21 47 68 79 
97 20 68 60 2 66 75 96 100 33 56 75 48 6 
95 11 68 44 34 17 67 20 31 40 70 65 64 76 
68 74 76 60 63 5 92 60 9 38 19 5 87 31 
57 91 99 63 69 89 87 81 74 100 3 18 79 62 
85 72 25 79 55 47 28 15 74 81 87 24 93 73 
89 38 53 18 12 33 74 87 65 42 29 30 20 14 
77 16 54 26 85 98 67 64 16 4 78 82 21 81 
88 42 56 3 18 75 76 68 57 10 64 7 28 42 
12 67 27 94 86 56 36 50 6 67 61 70 97 47 
15 11 66 86 54 13 30 13 18 24 95 51 36 3 

97 8 62 25 57 16 5 65 35 13 69 79 42 99 
52 37 93 10 53 76 88 76 80 69 45 44 73 67 
33 100 62 0 66 1 2 28 51 78 97 69 11 12 
63 79 41 30 32 20 59 94 68 34 23 21 85 93 
6 68 18 0 70 20 56 51 73 71 29 69 28 28 
82 64 42 86 69 3 59 75 23 94 87 100 15 69 
7 76 75 91 57 98 31 44 65 86 31 11 50 61 
7 5 39 61 100 22 60 92 78 87 64 4 90 37 
73 35 48 77 50 36 67 86 45 76 2 1 78 27 
78 96 96 60 24 67 15 91 11 75 90 45 70 91 
70 87 94 65 50 97 42 89 96 71 56 3 26 76 
39 82 48 73 7 99 15 61 56 45 30 19 71 51 
54 6 19 66 19 21 5 33 93 100 13 39 5 95 
61 70 81 79 24 4 94 35 49 25 64 85 99 54 

