56 48 51 97 56 22 
91 66 36 6 80 55 
67 98 43 19 21 8 
67 27 52 91 32 84 
64 7 50 58 2 66 
42 52 34 42 37 48 

8 67 91 50 57 7 
90 88 38 28 38 0 
63 64 77 83 62 16 
99 49 87 83 86 47 
55 53 9 2 5 93 
90 15 99 18 42 0 

65 63 90 42 84 26 
75 64 12 27 48 5 
31 54 54 18 93 58 
1 72 51 7 100 3 
84 37 46 11 75 59 
1 65 37 21 54 75 

91 33 20 44 5 13 
57 33 94 1 26 43 
82 72 95 55 12 51 
46 79 94 53 24 32 
40 11 67 33 59 30 
40 62 5 7 76 90 

91 93 61 45 13 87 
97 76 71 95 65 6 
16 74 58 29 14 5 
23 22 43 34 9 66 
97 18 61 86 62 60 
93 44 85 76 58 37 

41 54 55 55 58 71 
92 72 96 19 37 48 
2 82 65 36 36 28 
56 18 70 88 26 76 
1 54 29 41 59 1 
56 38 75 94 83 27 

