30 20 48 41 85 90 16 9 78 80 0 21 53 40 99 75 6 39 
73 7 2 51 9 17 9 63 66 20 58 36 29 29 33 15 36 62 
25 15 37 74 94 72 81 38 66 91 25 90 77 17 23 68 39 21 
38 55 37 8 91 74 77 79 88 62 38 68 34 39 77 17 15 10 
53 52 73 10 72 65 2 3 29 2 95 67 55 83 100 79 38 57 
52 22 11 86 63 94 16 73 95 44 70 98 63 90 45 50 75 58 
28 73 6 79 10 49 99 69 84 67 67 33 34 37 49 86 67 10 
46 41 42 56 65 32 58 47 91 22 21 82 15 80 4 75 22 53 
16 6 64 87 54 94 95 77 66 81 24 57 36 65 21 82 87 60 
37 62 60 32 5 14 37 28 54 63 74 6 9 16 26 10 69 10 
64 23 14 49 30 8 47 86 63 60 11 89 51 33 50 83 98 99 
95 96 85 93 88 9 37 44 41 49 33 8 69 13 17 84 20 53 
53 32 52 94 17 36 32 98 54 85 72 17 47 47 21 34 62 49 
56 46 31 16 15 1 28 74 90 69 21 63 67 95 12 66 94 1 
48 60 41 49 96 18 62 45 11 86 59 42 31 25 5 48 40 31 
25 17 11 100 8 25 38 29 85 18 38 19 87 58 56 72 42 29 
78 61 51 68 6 54 53 77 53 87 97 4 23 97 16 64 68 6 
28 10 7 62 13 61 18 65 18 0 14 34 54 64 53 1 100 6 

100 93 35 64 93 51 75 80 66 18 79 39 32 87 9 16 5 29 
39 88 72 86 1 60 42 60 34 40 84 63 12 73 31 29 78 98 
37 94 40 78 2 16 64 54 30 20 78 22 99 26 19 22 10 75 
80 46 51 7 85 92 87 91 75 56 78 76 37 22 31 4 73 33 
36 64 34 93 92 43 1 54 76 22 28 86 83 86 36 41 50 32 
20 25 46 3 64 28 59 89 17 84 69 22 76 46 47 56 17 52 
10 64 39 77 86 57 17 31 15 47 70 81 61 87 88 69 71 24 
72 60 80 35 78 95 71 43 53 73 63 22 87 18 79 26 82 9 
64 43 15 38 74 28 23 51 49 52 74 100 38 49 40 13 66 88 
65 64 55 7 5 6 65 83 76 68 55 93 26 46 47 59 79 6 
92 41 44 29 79 83 17 95 48 81 16 99 3 77 41 14 50 42 
39 99 25 12 83 83 2 1 28 16 12 26 66 61 18 32 78 87 
2 62 1 28 6 56 11 4 62 51 19 4 32 27 9 86 53 95 
40 33 28 33 92 74 48 97 90 76 99 66 32 64 73 85 74 73 
30 80 80 61 9 66 68 25 47 26 36 74 17 67 37 89 29 47 
37 89 89 95 98 55 68 92 23 98 56 5 25 4 9 7 51 73 
26 25 47 66 62 12 83 37 36 68 28 5 15 23 84 85 0 73 
64 44 45 65 78 41 32 63 40 37 80 19 86 88 72 20 28 81 

56 44 48 1 33 93 73 70 96 33 25 99 49 97 31 43 39 38 
65 45 39 16 68 39 87 28 76 57 70 34 0 35 18 49 86 14 
68 12 86 77 88 97 2 74 68 56 29 74 30 54 56 39 12 29 
89 36 15 65 44 40 8 63 25 46 64 31 25 99 47 47 38 6 
59 5 78 33 49 89 100 35 33 84 44 37 73 50 86 24 25 0 
67 87 51 70 34 75 16 55 3 47 64 47 54 95 58 63 24 77 
85 78 34 100 38 30 82 26 20 69 48 98 75 24 98 38 84 54 
82 1 25 49 59 25 42 70 90 85 32 55 32 12 27 94 12 43 
16 0 54 10 93 23 47 39 32 5 25 43 39 36 47 51 37 77 
51 21 18 13 4 87 44 29 32 38 59 10 90 87 73 7 18 37 
95 30 80 29 37 78 81 77 50 62 22 80 24 100 25 81 12 45 
83 3 13 83 96 78 49 79 86 5 87 73 66 52 67 74 35 61 
22 42 82 14 70 51 28 92 11 82 70 35 71 96 66 44 31 31 
72 37 87 78 95 91 13 71 99 16 20 68 80 71 33 0 17 8 
4 22 3 2 38 65 95 79 100 77 75 75 90 75 99 44 36 58 
4 34 22 73 23 40 73 46 48 16 44 48 82 6 52 6 57 89 
30 13 38 80 92 0 96 63 47 13 75 93 31 76 13 65 78 29 
82 26 33 56 58 6 37 54 36 98 77 52 35 15 97 60 88 22 

38 23 48 63 26 38 86 17 38 64 23 9 84 77 69 16 60 1 
51 23 54 94 58 53 12 82 5 69 27 58 50 40 16 30 57 17 
100 21 24 70 81 25 98 90 52 74 72 13 19 51 28 10 32 48 
7 49 82 90 90 37 22 74 75 37 74 76 94 3 0 8 75 45 
4 17 17 69 49 5 16 47 92 39 14 68 33 86 37 86 7 15 
51 61 57 94 79 11 96 80 76 50 1 18 31 21 20 28 18 67 
49 41 41 97 77 14 35 48 53 96 85 50 80 58 89 77 28 48 
78 45 4 44 54 83 32 60 2 61 17 55 56 9 96 10 93 42 
68 65 59 42 90 11 88 0 60 42 8 54 21 42 45 17 52 100 
24 52 89 49 79 78 31 56 39 63 88 88 19 47 74 8 65 24 
84 25 9 93 56 39 34 43 71 100 16 6 64 18 67 90 74 31 
88 22 62 64 47 2 79 50 11 79 86 20 42 80 59 99 41 35 
40 81 2 36 74 25 81 28 5 64 20 91 1 20 77 24 3 45 
45 29 89 94 55 65 54 84 55 64 5 45 60 35 47 9 83 52 
39 78 36 18 65 4 94 85 66 96 3 3 52 84 34 78 99 8 
75 54 13 46 10 57 42 83 0 86 24 14 13 62 0 58 3 13 
89 77 53 43 13 20 9 48 89 40 89 81 47 53 7 41 79 88 
77 26 3 8 75 12 16 40 88 47 29 18 62 30 15 19 51 100 

71 98 93 96 86 47 93 70 63 20 89 18 14 78 57 10 33 54 
94 65 50 36 57 48 11 3 16 97 86 73 12 34 64 8 84 28 
59 24 55 84 29 3 34 51 87 29 34 29 68 95 56 15 65 22 
1 1 28 71 17 87 31 69 8 51 80 72 75 49 36 77 95 73 
88 8 81 29 62 48 15 90 72 40 24 72 91 3 83 47 78 79 
90 100 23 83 10 77 5 25 86 63 91 81 66 8 11 18 6 43 
47 53 16 26 14 71 1 41 96 59 93 69 67 34 91 92 90 68 
87 65 42 34 67 25 63 44 37 23 45 97 42 54 72 92 43 20 
14 15 10 0 49 45 17 65 59 88 66 91 91 47 9 88 20 84 
51 96 28 62 87 84 86 23 32 43 51 43 44 7 85 95 50 95 
54 74 25 59 39 1 89 0 14 84 94 87 38 26 3 18 48 8 
76 9 63 4 2 2 14 23 52 95 95 25 38 54 66 28 48 38 
88 25 36 50 10 43 13 56 94 20 80 41 30 2 9 49 9 45 
5 36 95 36 81 42 1 20 45 79 3 47 95 10 59 55 25 59 
32 1 51 46 9 43 61 66 92 89 76 100 85 76 2 83 19 73 
95 51 87 67 68 100 38 72 69 70 33 52 47 24 38 51 43 96 
89 19 34 9 35 26 65 73 53 67 98 29 96 5 100 34 7 34 
10 38 52 36 1 68 32 14 0 51 1 27 13 24 75 78 29 3 

49 63 92 57 82 53 15 58 41 27 92 70 97 98 40 90 72 58 
64 11 32 32 67 81 23 35 16 97 89 68 39 37 27 25 47 13 
28 77 67 41 80 72 90 56 47 56 52 31 58 73 67 65 8 50 
16 55 37 68 51 14 22 49 56 70 77 59 10 28 18 33 86 35 
97 12 62 49 100 88 95 54 80 44 56 17 60 38 10 20 40 48 
65 44 3 9 60 34 66 76 44 49 32 83 68 18 67 42 36 32 
43 11 74 75 67 26 57 15 72 29 6 72 20 24 70 22 14 1 
24 85 76 52 68 40 53 38 30 15 25 16 70 59 64 62 79 88 
7 6 0 42 5 65 63 42 79 28 87 90 22 92 32 45 22 43 
23 33 37 56 70 54 98 61 85 88 55 80 15 17 29 23 12 67 
51 56 84 92 62 38 82 66 24 20 15 26 69 58 42 58 66 72 
77 87 20 55 67 16 27 74 83 25 28 15 8 35 76 56 89 31 
26 19 34 13 60 39 53 47 36 97 22 6 73 1 85 64 64 26 
19 29 29 85 24 97 79 98 96 29 10 51 64 34 68 31 19 23 
48 66 62 93 1 31 2 58 70 79 54 67 67 48 63 51 77 14 
84 27 24 19 29 43 80 46 11 70 53 65 5 71 20 23 55 10 
3 0 23 98 21 40 57 53 54 82 99 96 44 62 27 92 49 4 
52 7 69 4 9 20 1 56 36 27 76 82 20 100 72 99 16 99 

73 47 92 56 4 78 14 95 66 36 22 63 70 33 28 67 26 16 
31 1 76 14 30 80 56 27 59 79 53 92 80 56 17 95 2 2 
69 58 68 93 50 38 31 45 24 25 80 45 70 6 84 74 38 75 
16 45 84 70 98 43 34 51 23 33 66 19 75 4 10 83 31 37 
20 0 35 90 73 46 17 11 61 79 21 100 83 57 35 35 61 10 
45 95 38 97 52 76 29 17 37 40 66 81 32 38 33 3 22 46 
34 9 59 91 70 59 23 32 6 99 87 65 6 89 97 20 90 67 
55 80 32 68 80 46 8 65 46 5 57 78 57 18 62 53 89 37 
48 51 59 22 73 19 86 26 92 95 98 93 68 6 29 27 95 25 
99 13 41 80 30 38 43 97 98 93 66 83 96 85 99 36 36 49 
63 73 97 36 45 59 74 70 21 27 60 87 64 21 67 35 96 48 
65 45 58 9 31 38 25 40 5 52 41 1 58 91 8 24 21 88 
67 70 2 59 7 6 99 68 67 18 72 52 93 48 6 49 72 62 
96 69 70 51 57 64 24 25 38 87 22 40 1 40 17 42 15 67 
9 25 75 9 9 0 69 86 82 0 23 63 28 44 98 41 30 99 
95 30 15 37 26 56 78 57 61 71 11 21 41 80 60 79 27 51 
55 29 55 67 95 32 95 7 49 18 70 69 6 18 29 96 67 15 
2 16 52 89 40 83 84 26 57 77 4 33 7 42 34 62 90 100 

57 4 68 30 6 12 23 74 46 47 54 14 80 21 88 13 8 47 
80 25 54 88 50 89 37 10 58 3 3 14 30 9 100 99 15 85 
54 40 95 83 31 0 41 7 22 63 29 86 28 95 80 55 74 76 
62 24 72 97 93 77 50 20 7 51 42 67 92 36 85 97 86 32 
39 72 92 40 45 74 52 80 49 60 25 63 3 0 62 5 72 34 
92 13 63 13 25 52 16 89 27 18 38 51 68 63 66 78 33 48 
95 56 72 26 54 22 41 87 25 30 58 91 29 35 43 44 70 4 
86 82 80 17 19 35 45 73 28 56 72 51 61 68 98 51 21 56 
73 34 28 52 62 27 75 93 40 37 100 17 95 58 62 65 11 22 
67 64 65 62 3 68 24 30 98 93 22 31 92 57 35 86 30 24 
76 39 99 15 15 45 82 49 0 35 7 21 37 27 57 97 17 32 
61 55 12 23 57 76 93 70 74 9 77 19 6 18 15 23 80 32 
51 58 13 91 36 99 11 16 57 58 79 40 15 39 30 12 93 10 
27 78 73 20 97 83 81 89 55 38 76 79 93 94 25 22 36 76 
40 44 57 41 13 31 30 71 77 68 40 73 14 34 33 63 27 83 
27 19 41 27 46 83 37 13 74 48 80 98 44 81 42 63 51 56 
99 12 45 67 87 73 57 46 46 78 26 81 10 97 61 83 12 6 
83 60 6 5 70 10 56 42 36 40 97 88 43 78 10 22 85 30 

