62 90 38 66 8 11 85 33 
41 28 71 89 38 68 17 22 
79 35 7 78 27 71 26 64 
32 15 37 59 71 71 34 74 
38 10 23 39 31 15 66 69 
37 8 43 90 31 98 17 70 
65 7 68 98 74 19 81 11 
11 89 79 79 79 2 6 51 

35 36 44 91 32 40 37 95 
52 85 22 80 15 13 28 94 
37 93 18 63 78 21 59 87 
97 13 54 10 25 7 18 16 
35 77 27 47 9 31 16 65 
37 54 47 53 0 42 70 98 
15 61 39 1 26 14 76 9 
31 41 73 34 97 41 53 89 

59 89 97 70 62 65 96 82 
11 14 68 14 37 36 62 65 
38 37 26 45 18 74 65 77 
5 34 37 6 96 4 78 46 
35 23 32 14 73 69 55 17 
32 80 12 85 34 90 75 12 
49 97 18 69 99 75 57 77 
42 77 77 75 97 61 53 36 

