20 69 5 17 72 54 3 52 12 43 95 21 
93 13 44 20 24 22 47 43 3 6 46 39 
95 44 33 19 3 42 49 55 48 16 13 62 
21 61 9 21 73 66 30 26 61 82 85 72 
62 43 0 79 88 38 38 2 66 92 18 87 
36 28 5 1 6 49 63 56 16 20 55 19 
34 25 78 86 53 73 55 12 0 18 5 82 
32 15 25 59 32 12 31 82 74 33 87 58 
80 86 90 5 30 46 65 97 77 92 8 7 
60 62 43 95 47 15 14 19 97 8 78 73 
44 66 40 47 12 33 19 93 48 59 29 21 
26 19 34 65 30 16 56 6 56 18 29 70 

2 44 21 41 18 60 15 11 61 35 34 17 
52 38 12 70 43 41 14 22 34 41 46 93 
40 18 83 18 60 96 21 91 60 38 82 11 
100 1 83 17 95 52 4 93 20 49 5 63 
66 75 39 77 46 73 52 30 6 77 37 26 
90 86 19 5 63 50 89 63 12 14 50 41 
20 22 76 78 56 69 5 50 19 9 11 18 
42 2 49 74 83 95 53 92 56 33 67 44 
88 73 76 90 34 7 26 12 87 1 58 10 
8 44 96 85 98 72 79 25 44 17 93 78 
51 70 2 94 32 45 56 0 44 15 48 78 
72 23 4 94 49 54 25 36 92 18 56 82 

85 64 76 67 80 97 26 49 96 14 25 14 
66 56 59 97 56 51 31 50 12 2 52 0 
35 34 30 11 38 13 96 100 98 31 74 5 
4 60 64 18 31 76 26 68 81 89 91 50 
69 84 1 73 18 20 26 59 41 52 66 6 
36 45 33 47 79 46 7 17 71 40 74 8 
98 15 8 26 39 41 30 66 60 37 72 36 
38 82 6 45 4 80 8 78 81 100 54 69 
59 58 15 99 40 20 80 70 53 72 3 71 
88 36 69 79 13 87 50 79 67 76 78 25 
70 21 56 74 13 42 82 9 89 9 83 84 
32 13 4 24 90 51 99 82 53 93 98 28 

81 59 49 64 6 43 4 76 54 41 18 43 
79 31 14 90 70 11 4 39 96 96 16 62 
81 71 69 93 0 48 85 53 71 77 42 35 
11 48 100 49 44 62 23 83 6 11 88 55 
59 40 41 94 52 21 63 4 10 52 18 57 
76 19 22 88 41 49 58 86 34 12 54 40 
17 36 22 19 90 79 39 53 69 3 69 61 
27 10 87 27 39 98 90 88 54 90 45 27 
77 98 77 51 73 5 64 12 4 19 54 60 
63 48 37 90 53 91 64 100 78 73 80 98 
77 16 95 16 64 60 97 10 100 1 45 5 
34 44 71 76 29 28 79 69 70 98 53 6 

3 3 32 34 96 60 58 64 43 39 43 92 
45 38 2 4 16 1 92 43 97 61 84 7 
0 31 93 38 97 61 62 68 44 51 23 11 
38 12 92 50 58 58 58 14 28 7 65 74 
45 27 94 12 48 48 13 86 22 51 59 31 
66 91 60 99 64 23 78 86 100 100 78 60 
45 25 37 49 68 33 32 17 35 5 68 2 
45 59 34 62 37 69 88 85 85 13 76 27 
16 99 3 1 53 91 100 12 62 61 79 26 
39 23 62 79 97 21 8 88 52 75 93 16 
44 54 92 37 75 81 62 23 59 45 48 34 
30 94 14 3 74 14 46 80 2 78 36 28 

59 19 37 49 23 3 60 69 28 56 32 17 
39 25 18 40 75 95 1 5 71 79 69 98 
80 91 95 1 50 62 75 54 97 71 50 93 
95 83 83 39 73 39 75 89 18 67 92 14 
82 4 12 65 4 16 88 15 80 20 87 24 
47 76 45 81 88 11 36 30 90 84 50 75 
88 76 75 85 12 83 26 47 73 21 40 12 
41 0 68 19 40 57 37 48 93 11 70 73 
19 32 57 35 53 69 65 17 36 0 7 56 
3 86 14 85 82 14 96 29 98 17 37 51 
60 33 75 65 38 79 25 86 41 0 59 36 
71 0 96 8 89 9 70 23 41 91 73 83 

